exports[`test PageTitleComponent snapshot test 1`] = `<span />`;
